node_modules/goober/goober.d.ts(3,1): error TS1203: Export assignment cannot be used when targeting ECMAScript modules. Consider using 'export default' or another module format instead.
node_modules/next/dist/server/web/spec-extension/adapters/headers.d.ts(40,5): error TS2416: Property 'entries' in type 'HeadersAdapter' is not assignable to the same property in base type 'Headers'.
  Type '() => IterableIterator<[string, string]>' is not assignable to type '() => HeadersIterator<[string, string]>'.
    Type 'IterableIterator<[string, string]>' is missing the following properties from type 'HeadersIterator<[string, string]>': map, filter, take, drop, and 9 more.
node_modules/next/dist/server/web/spec-extension/adapters/headers.d.ts(41,5): error TS2416: Property 'keys' in type 'HeadersAdapter' is not assignable to the same property in base type 'Headers'.
  Type '() => IterableIterator<string>' is not assignable to type '() => HeadersIterator<string>'.
    Type 'IterableIterator<string>' is missing the following properties from type 'HeadersIterator<string>': map, filter, take, drop, and 9 more.
node_modules/next/dist/server/web/spec-extension/adapters/headers.d.ts(42,5): error TS2416: Property 'values' in type 'HeadersAdapter' is not assignable to the same property in base type 'Headers'.
  Type '() => IterableIterator<string>' is not assignable to type '() => HeadersIterator<string>'.
    Type 'IterableIterator<string>' is missing the following properties from type 'HeadersIterator<string>': map, filter, take, drop, and 9 more.
node_modules/next/dist/server/web/spec-extension/adapters/headers.d.ts(43,5): error TS2416: Property '[Symbol.iterator]' in type 'HeadersAdapter' is not assignable to the same property in base type 'Headers'.
  Type '() => IterableIterator<[string, string]>' is not assignable to type '() => HeadersIterator<[string, string]>'.
    Type 'IterableIterator<[string, string]>' is missing the following properties from type 'HeadersIterator<[string, string]>': map, filter, take, drop, and 9 more.
node_modules/recharts/types/chart/generateCategoricalChart.d.ts(2,36): error TS7016: Could not find a declaration file for module 'lodash'. '/app/node_modules/lodash/lodash.js' implicitly has an 'any' type.
  Try `npm i --save-dev @types/lodash` if it exists or add a new declaration (.d.ts) file containing `declare module 'lodash';`
src/app/(customer)/products/[id]/hooks/useProductDetail.ts(106,13): error TS2353: Object literal may only specify known properties, and 'sku' does not exist in type 'ProductDetail'.
src/app/(customer)/products/[id]/utils/productMockData.ts(33,3): error TS2739: Type '{ capacity: string; efficiency: string; warranty: string; power: string; }' is missing the following properties from type '{ brand: string; model: string; warranty: string; origin: string; capacity?: string | undefined; efficiency?: string | undefined; power?: string | undefined; }': brand, model, origin
src/app/(customer)/products/[id]/utils/productMockData.ts(44,3): error TS2741: Property 'id' is missing in type '{ name: string; }' but required in type '{ id: number; name: string; logo?: string | undefined; slug?: string | undefined; }'.
src/app/(customer)/products/page.tsx(117,13): error TS2719: Type 'FilterState' is not assignable to type 'FilterState'. Two different types with this name exist, but they are unrelated.
  Types of property 'minPrice' are incompatible.
    Type 'number | null' is not assignable to type 'string'.
      Type 'null' is not assignable to type 'string'.
src/app/(customer)/products/page.tsx(118,13): error TS2322: Type '(type: string, value: any) => void' is not assignable to type '(updates: Partial<FilterState>) => void'.
  Target signature provides too few arguments. Expected 2 or more, but got 1.
src/app/(customer)/products/page.tsx(129,49): error TS2554: Expected 0 arguments, but got 1.
src/app/(customer)/products/page.tsx(141,15): error TS2322: Type 'Product[]' is not assignable to type 'UIProduct[]'.
  Type 'Product' is not assignable to type 'UIProduct'.
    Types of property 'status' are incompatible.
      Type 'string' is not assignable to type '"CÓ SẴN" | "ĐẶT TRƯỚC" | "BÁN SỈ" | "HOT" | "MỚI" | undefined'.
src/app/market/components/MarketTable.tsx(52,16): error TS2339: Property 'slug' does not exist on type '{ id: any; name: any; color: string; unit: any; price: string; changeValue: string; changePercent: string; high: string; low: string; }'.
src/app/market/components/MarketTable.tsx(60,45): error TS2339: Property 'category' does not exist on type '{ slug: any; id: any; name: any; color: string; unit: any; price: string; changeValue: string; changePercent: string; high: string; low: string; }'.
src/app/market/product/[slug]/components/ProductHeaderCard.tsx(149,20): error TS2304: Cannot find name 'selectedVariant'.
src/app/market/product/[slug]/components/ProductHeaderCard.tsx(155,26): error TS2339: Property 'product_id' does not exist on type 'Product'.
src/app/market/product/[slug]/components/ProductHeaderCard.tsx(156,18): error TS2304: Cannot find name 'selectedVariant'.
src/app/market/product/[slug]/components/ProductHeaderCard.tsx(157,7): error TS18004: No value exists in scope for the shorthand property 'quantity'. Either declare one or provide an initializer.
src/app/market/product/[slug]/components/ProductHeaderCard.tsx(166,17): error TS2304: Cannot find name 'selectedVariant'.
src/app/market/product/[slug]/components/ProductHeaderCard.tsx(167,5): error TS18004: No value exists in scope for the shorthand property 'quantity'. Either declare one or provide an initializer.
src/app/market/product/[slug]/components/SidebarStats.tsx(248,11): error TS2339: Property 'info' does not exist on type '{ (message: Message, opts?: Partial<Pick<Toast, "id" | "style" | "icon" | "duration" | "ariaProps" | "className" | "position" | "iconTheme" | "toasterId" | "removeDelay">> | undefined): string; ... 8 more ...; promise<T>(promise: Promise<...> | (() => Promise<...>), msgs: { ...; }, opts?: DefaultToastOptions | undef...'.
src/app/market/product/[slug]/utils/productUtils.ts(56,5): error TS2353: Object literal may only specify known properties, and 'store' does not exist in type 'Product'.
src/app/market/product/[slug]/utils/productUtils.ts(85,50): error TS2339: Property 'store' does not exist on type 'Product'.
src/app/market/report/page.tsx(260,15): error TS2339: Property 'info' does not exist on type '{ (message: Message, opts?: Partial<Pick<Toast, "id" | "style" | "icon" | "duration" | "ariaProps" | "className" | "position" | "iconTheme" | "toasterId" | "removeDelay">> | undefined): string; ... 8 more ...; promise<T>(promise: Promise<...> | (() => Promise<...>), msgs: { ...; }, opts?: DefaultToastOptions | undef...'.
src/app/profile/hooks/useProfile.ts(89,59): error TS2339: Property 'avatar_url' does not exist on type 'ApiResponse<{ avatar_url: string; }>'.
src/app/profile/hooks/useProfile.ts(121,13): error TS2353: Object literal may only specify known properties, and 'phone_number' does not exist in type 'Partial<User>'.
src/components/auth/SuccessNotification.tsx(103,33): error TS2339: Property 'VERIFY_EMAIL' does not exist on type '{ readonly HOME: "/"; readonly LOGIN: "/login"; readonly REGISTER: "/register"; readonly REGISTER_SUCCESS: "/register/success-login"; readonly REGISTER_SUCCESS_LOGIN: "/register/success-login"; readonly DASHBOARD: "/dashboard"; }'.
src/services/categories.service.ts(16,23): error TS2339: Property 'CATEGORIES' does not exist on type '{ AUTH: { REGISTER: string; LOGIN: string; LOGOUT: string; FORGOT_PASSWORD: string; RESET_PASSWORD: string; VERIFY_EMAIL: string; }; USERS: { PROFILE: string; }; MARKET: { DATA: string; REFRESH_NOW: string; }; ... 8 more ...; UPLOAD: { ...; }; }'.
src/services/categories.service.ts(36,58): error TS2339: Property 'CATEGORIES' does not exist on type '{ AUTH: { REGISTER: string; LOGIN: string; LOGOUT: string; FORGOT_PASSWORD: string; RESET_PASSWORD: string; VERIFY_EMAIL: string; }; USERS: { PROFILE: string; }; MARKET: { DATA: string; REFRESH_NOW: string; }; ... 8 more ...; UPLOAD: { ...; }; }'.
src/services/market.service.ts(16,30): error TS2339: Property 'PRICES' does not exist on type '{ DATA: string; REFRESH_NOW: string; }'.
src/services/market.service.ts(36,75): error TS2339: Property 'TRENDS' does not exist on type '{ DATA: string; REFRESH_NOW: string; }'.
src/services/news.service.ts(62,70): error TS2345: Argument of type 'string | number' is not assignable to parameter of type 'string'.
  Type 'number' is not assignable to type 'string'.
src/services/products.service.ts(51,73): error TS2345: Argument of type 'string | number' is not assignable to parameter of type 'number'.
  Type 'string' is not assignable to type 'number'.
src/services/products.service.ts(74,35): error TS2339: Property 'SEARCH' does not exist on type '{ LIST: string; DETAIL: (id: number) => string; }'.
src/services/suppliers.service.ts(16,23): error TS2339: Property 'SUPPLIERS' does not exist on type '{ AUTH: { REGISTER: string; LOGIN: string; LOGOUT: string; FORGOT_PASSWORD: string; RESET_PASSWORD: string; VERIFY_EMAIL: string; }; USERS: { PROFILE: string; }; MARKET: { DATA: string; REFRESH_NOW: string; }; ... 8 more ...; UPLOAD: { ...; }; }'.
src/services/suppliers.service.ts(37,23): error TS2339: Property 'SUPPLIERS' does not exist on type '{ AUTH: { REGISTER: string; LOGIN: string; LOGOUT: string; FORGOT_PASSWORD: string; RESET_PASSWORD: string; VERIFY_EMAIL: string; }; USERS: { PROFILE: string; }; MARKET: { DATA: string; REFRESH_NOW: string; }; ... 8 more ...; UPLOAD: { ...; }; }'.
src/services/suppliers.service.ts(56,58): error TS2339: Property 'SUPPLIERS' does not exist on type '{ AUTH: { REGISTER: string; LOGIN: string; LOGOUT: string; FORGOT_PASSWORD: string; RESET_PASSWORD: string; VERIFY_EMAIL: string; }; USERS: { PROFILE: string; }; MARKET: { DATA: string; REFRESH_NOW: string; }; ... 8 more ...; UPLOAD: { ...; }; }'.
npm notice
npm notice New major version of npm available! 10.8.2 -> 11.7.0
npm notice Changelog: https://github.com/npm/cli/releases/tag/v11.7.0
npm notice To update run: npm install -g npm@11.7.0
npm notice
